// Jest Snapshot v1, https://goo.gl/fbAQLP

exports[`IndexPage renders correctly 1`] = `
<main>
  <title>
    Hi Safis
  </title>
  <img
    alt="Safis Logo"
    src="test-file-stub"
  />
  <h1>
    Hello Safis
  </h1>
</main>
`;
